\BOOKMARK [1][-]{section.1}{\376\377\137\025\212\000\377\032\210\141\221\317\116\032\122\241\116\244\143\245\166\204\123\357\227\140\140\047}{}% 1
\BOOKMARK [1][-]{section.2}{\376\377\120\107\213\276\060\001\173\046\123\367\116\016\117\341\140\157\117\040\220\022}{}% 2
\BOOKMARK [1][-]{section.3}{\376\377\143\007\150\007\133\127\121\170\116\016\116\032\122\241\211\206\166\326\173\133\220\011}{}% 3
\BOOKMARK [1][-]{section.4}{\376\377\145\160\143\156\221\307\226\306\123\117\213\256\116\016\117\335\133\306\213\276\213\241}{}% 4
\BOOKMARK [1][-]{section.5}{\376\377\145\160\143\156\131\004\164\006\377\032\117\335\165\131\167\037\133\236\137\002\136\070\377\014\220\177\121\115\177\072\131\061\220\040\142\020\206\132\232\330}{}% 5
\BOOKMARK [1][-]{section.6}{\376\377\152\041\127\213\116\000\377\032\124\053\156\336\124\016\166\204\200\375\122\233\156\344\154\342\152\041\127\213\377\010\000L\000C\000F\377\011}{}% 6
\BOOKMARK [1][-]{section.7}{\376\377\200\375\122\233\156\344\154\342\176\323\147\234\116\016\147\052\220\032\217\307\166\204\116\015\170\156\133\232\140\047\150\300\232\214}{}% 7
\BOOKMARK [1][-]{section.8}{\376\377\152\041\127\213\116\214\377\032\116\032\122\241\224\376\123\357\227\140\140\047\142\020\161\237\136\246\152\041\127\213\377\010\000C\000R\000M\377\011}{}% 8
\BOOKMARK [1][-]{section.9}{\376\377\142\020\161\237\136\246\150\041\121\306\116\016\116\015\170\156\133\232\140\047\117\040\220\022}{}% 9
\BOOKMARK [1][-]{section.10}{\376\377\152\041\127\213\116\011\377\032\172\063\120\145\145\071\217\333\230\171\166\356\176\304\124\010\377\010\000R\000I\000P\377\011}{}% 10
\BOOKMARK [1][-]{section.11}{\376\377\117\030\123\026\123\302\145\160\116\016\220\011\133\232\133\236\145\275\203\334\123\125}{}% 11
\BOOKMARK [1][-]{section.12}{\376\377\121\263\173\126\150\300\232\214\116\016\172\063\120\145\140\047\166\204\116\343\116\367}{}% 12
\BOOKMARK [1][-]{section.13}{\376\377\116\003\174\173\140\305\146\157\116\016\176\323\147\204\123\213\122\233\155\113\213\325}{}% 13
\BOOKMARK [1][-]{section.14}{\376\377\160\165\145\117\136\246\060\001\123\357\213\306\122\053\140\047\116\016\213\301\143\156\215\046\147\054}{}% 14
\BOOKMARK [1][-]{section.15}{\376\377\142\212\213\304\122\006\217\154\123\026\116\072\116\272\124\130\116\016\142\200\147\057\121\263\173\126}{}% 15
\BOOKMARK [1][-]{section.16}{\376\377\154\273\164\006\060\001\143\001\176\355\166\321\155\113\116\016\122\006\226\066\153\265\133\236\145\275}{}% 16
\BOOKMARK [1][-]{section.17}{\376\377\215\350\156\057\123\343\211\304\152\041\116\016\123\141\217\146\217\320\217\223\117\001\116\032\217\301\171\373}{}% 17
\BOOKMARK [1][-]{section.18}{\376\377\152\041\127\213\213\304\116\367\060\001\134\100\226\120\116\016\136\372\213\256}{}% 18
\BOOKMARK [1][-]{section.19}{\376\377\201\364\000I\000C\000M\121\154\123\370\133\242\142\067\166\204\116\000\134\001\117\341}{}% 19
\BOOKMARK [1][-]{section.19}{\376\377\123\302\200\003\145\207\163\056}{}% 20
\BOOKMARK [1][-]{section.20}{\376\377\123\357\131\015\163\260\140\047\116\016\000A\000I\117\177\165\050\213\364\146\016}{}% 21
