\BOOKMARK [1][-]{section.1}{\376\377\137\025\212\000\377\032\210\141\221\317\116\032\122\241\116\244\143\245\166\204\123\357\227\140\140\047}{}% 1
\BOOKMARK [2][-]{subsection.1.1}{\376\377\116\032\122\241\225\356\230\230}{section.1}% 2
\BOOKMARK [2][-]{subsection.1.2}{\376\377\116\373\122\241\116\016\213\301\143\156\217\271\165\114}{section.1}% 3
\BOOKMARK [2][-]{subsection.1.3}{\376\377\145\271\154\325\220\011\142\351\117\235\143\156}{section.1}% 4
\BOOKMARK [1][-]{section.2}{\376\377\120\107\213\276\060\001\173\046\123\367\116\016\117\341\140\157\117\040\220\022}{}% 5
\BOOKMARK [1][-]{section.3}{\376\377\145\160\143\156\121\306\131\007\116\016\143\007\150\007\173\133\220\011}{}% 6
\BOOKMARK [2][-]{subsection.3.1}{\376\377\143\007\150\007\133\127\121\170\116\016\211\206\166\326\173\133\220\011\152\041\127\213}{section.3}% 7
\BOOKMARK [2][-]{subsection.3.2}{\376\377\145\160\143\156\221\307\226\306\123\117\213\256\116\016\117\335\133\306\213\276\213\241}{section.3}% 8
\BOOKMARK [3][-]{subsubsection.3.2.1}{\376\377\116\213\116\366\156\005\123\125\116\016\117\335\133\306\213\276\213\241}{subsection.3.2}% 9
\BOOKMARK [3][-]{subsubsection.3.2.2}{\376\377\122\006\134\102\116\272\135\345\150\070\232\214}{subsection.3.2}% 10
\BOOKMARK [2][-]{subsection.3.3}{\376\377\156\005\155\027\060\001\177\072\131\061\131\004\164\006\116\016\133\241\213\241}{section.3}% 11
\BOOKMARK [1][-]{section.4}{\376\377\152\041\127\213\116\000\377\032\124\053\156\336\124\016\166\204\200\375\122\233\156\344\154\342\152\041\127\213\377\010\000L\000C\000F\377\011}{}% 12
\BOOKMARK [2][-]{subsection.4.1}{\376\377\143\320\121\372\122\250\126\340\116\016\213\276\213\241\220\073\217\221}{section.4}% 13
\BOOKMARK [2][-]{subsection.4.2}{\376\377\152\041\127\213\147\204\136\372\377\032\162\266\140\001\116\016\211\302\155\113}{section.4}% 14
\BOOKMARK [2][-]{subsection.4.3}{\376\377\173\227\154\325\213\276\213\241\116\016\122\006\153\145\213\241\173\227}{section.4}% 15
\BOOKMARK [3][-]{subsubsection.4.3.1}{\376\377\000S\000t\000e\000p\000\040\0001\377\032\147\204\220\040\211\302\155\113\221\317\123\312\121\166\145\271\135\356}{subsection.4.3}% 16
\BOOKMARK [3][-]{subsubsection.4.3.2}{\376\377\000S\000t\000e\000p\000\040\0002\377\032\213\241\173\227\121\110\232\214\162\266\140\001}{subsection.4.3}% 17
\BOOKMARK [3][-]{subsubsection.4.3.3}{\376\377\000S\000t\000e\000p\000\040\0003\377\032\146\364\145\260\162\266\140\001\136\166\217\223\121\372\200\375\122\233}{subsection.4.3}% 18
\BOOKMARK [2][-]{subsection.4.4}{\376\377\176\323\147\234\122\006\147\220\377\032\124\014\116\000\155\113\213\325\147\037\166\204\152\041\127\213\133\371\153\324}{section.4}% 19
\BOOKMARK [2][-]{subsection.4.5}{\376\377\140\047\200\375\213\250\213\272\116\016\134\100\226\120\140\047\122\006\147\220}{section.4}% 20
\BOOKMARK [1][-]{section.5}{\376\377\152\041\127\213\116\214\377\032\116\032\122\241\224\376\123\357\227\140\140\047\142\020\161\237\136\246\152\041\127\213\377\010\000C\000R\000M\377\011}{}% 21
\BOOKMARK [2][-]{subsection.5.1}{\376\377\143\320\121\372\122\250\126\340\116\016\213\276\213\241\220\073\217\221}{section.5}% 22
\BOOKMARK [2][-]{subsection.5.2}{\376\377\152\041\127\213\147\204\136\372\116\016\213\304\122\006\133\232\116\111}{section.5}% 23
\BOOKMARK [2][-]{subsection.5.3}{\376\377\173\227\154\325\213\276\213\241\116\016\122\006\153\145\213\241\173\227}{section.5}% 24
\BOOKMARK [2][-]{subsection.5.4}{\376\377\176\323\147\234\122\006\147\220\377\032\123\357\227\140\140\047\133\371\153\324\116\016\123\357\211\306\123\026}{section.5}% 25
\BOOKMARK [2][-]{subsection.5.5}{\376\377\140\047\200\375\213\250\213\272\116\016\116\015\170\156\133\232\140\047\217\271\165\114}{section.5}% 26
\BOOKMARK [1][-]{section.6}{\376\377\152\041\127\213\116\011\377\032\172\063\120\145\145\071\217\333\230\171\166\356\176\304\124\010\377\010\000R\000I\000P\377\011}{}% 27
\BOOKMARK [2][-]{subsection.6.1}{\376\377\143\320\121\372\122\250\126\340\116\016\213\276\213\241\220\073\217\221}{section.6}% 28
\BOOKMARK [2][-]{subsection.6.2}{\376\377\152\041\127\213\147\204\136\372\377\032\124\315\136\224\060\001\166\356\150\007\116\016\176\246\147\137}{section.6}% 29
\BOOKMARK [3][-]{subsubsection.6.2.1}{\376\377\136\366\217\337\124\315\136\224}{subsection.6.2}% 30
\BOOKMARK [3][-]{subsubsection.6.2.2}{\376\377\215\047\136\001\166\356\150\007\116\016\123\357\210\114\140\047}{subsection.6.2}% 31
\BOOKMARK [3][-]{subsubsection.6.2.3}{\376\377\140\305\146\157\116\016\123\302\145\160\213\276\177\156}{subsection.6.2}% 32
\BOOKMARK [2][-]{subsection.6.3}{\376\377\173\227\154\325\213\276\213\241\116\016\122\006\153\145\213\241\173\227}{section.6}% 33
\BOOKMARK [2][-]{subsection.6.4}{\376\377\176\323\147\234\122\006\147\220\377\032\230\171\166\356\220\011\142\351\116\016\152\041\127\213\133\371\153\324}{section.6}% 34
\BOOKMARK [3][-]{subsubsection.6.4.1}{\376\377\124\015\116\111\140\305\146\157\116\016\147\000\127\117\140\305\146\157\153\324\217\203}{subsection.6.4}% 35
\BOOKMARK [3][-]{subsubsection.6.4.2}{\376\377\165\131\121\372\166\204\200\124\124\010\121\262\121\373}{subsection.6.4}% 36
\BOOKMARK [2][-]{subsection.6.5}{\376\377\140\047\200\375\213\250\213\272\116\016\220\002\165\050\217\271\165\114}{section.6}% 37
\BOOKMARK [1][-]{section.7}{\376\377\152\041\127\213\150\300\232\214\116\016\160\165\145\117\136\246\122\006\147\220}{}% 38
\BOOKMARK [2][-]{subsection.7.1}{\376\377\116\003\174\173\140\305\146\157\116\016\176\323\147\204\123\213\122\233\155\113\213\325}{section.7}% 39
\BOOKMARK [2][-]{subsection.7.2}{\376\377\230\204\173\227\116\016\162\266\140\001\126\152\130\360\160\165\145\117\136\246}{section.7}% 40
\BOOKMARK [2][-]{subsection.7.3}{\376\377\213\301\143\156\215\046\147\054\116\016\117\030\121\110\150\041\121\306\230\172\136\217}{section.7}% 41
\BOOKMARK [1][-]{section.8}{\376\377\133\236\145\275\145\271\150\110\116\016\143\001\176\355\166\321\155\113}{}% 42
\BOOKMARK [2][-]{subsection.8.1}{\376\377\117\235\143\156\142\200\200\375\177\072\123\343\221\115\177\156\116\272\124\130}{section.8}% 43
\BOOKMARK [2][-]{subsection.8.2}{\376\377\142\212\142\200\147\057\220\011\127\213\213\276\213\241\116\072\123\357\221\315\131\015\232\214\145\066\155\101\172\013}{section.8}% 44
\BOOKMARK [2][-]{subsection.8.3}{\376\377\154\273\164\006\116\016\166\321\155\113\123\117\213\256}{section.8}% 45
\BOOKMARK [2][-]{subsection.8.4}{\376\377\0009\0000\131\051\136\372\122\066\377\014\226\217\124\016\143\011\133\143\133\146\116\140}{section.8}% 46
\BOOKMARK [1][-]{section.9}{\376\377\215\350\156\057\123\343\211\304\152\041\116\016\123\141\217\146\217\320\217\223\117\001\116\032\217\301\171\373}{}% 47
\BOOKMARK [2][-]{subsection.9.1}{\376\377\124\053\116\111\116\015\226\217\211\304\152\041\145\071\123\330\377\014\155\113\221\317\227\000\147\054\127\060\150\041\121\306}{section.9}% 48
\BOOKMARK [2][-]{subsection.9.2}{\376\377\217\320\217\223\117\001\116\032\123\357\121\174\133\271\166\204\142\020\161\237\136\246\143\007\150\007}{section.9}% 49
\BOOKMARK [1][-]{section.10}{\376\377\201\364\000I\000C\000M\121\154\123\370\133\242\142\067\166\204\116\000\134\001\117\341}{}% 50
\BOOKMARK [1][-]{section.10}{\376\377\123\302\200\003\145\207\163\056}{}% 51
\BOOKMARK [1][-]{section.11}{\376\377\123\357\131\015\163\260\140\047\116\016\000A\000I\117\177\165\050\213\364\146\016}{}% 52
\BOOKMARK [1][-]{section.12}{\376\377\152\041\127\213\176\374\124\010\213\304\116\367}{}% 53
